// Jest Snapshot v1, https://goo.gl/fbAQLP

exports[`App should render correctly 1`] = `
<div
  className="App"
>
  <Form
    setPokemons={[Function]}
  />
  <Grid
    pokemons={Array []}
  />
</div>
`;
